2026-05-25 17:05:35,559 - __main__ - INFO - Static web client successfully mounted from C:\Users\hp\OneDrive\Desktop\Automotive_Safety_Platform\backend\app\static
2026-05-25 17:05:35,595 - backend.app.main - INFO - Static web client successfully mounted from C:\Users\hp\OneDrive\Desktop\Automotive_Safety_Platform\backend\app\static
2026-05-25 17:05:44,453 - __mp_main__ - INFO - Static web client successfully mounted from C:\Users\hp\OneDrive\Desktop\Automotive_Safety_Platform\backend\app\static
2026-05-25 17:05:44,491 - backend.app.main - INFO - Static web client successfully mounted from C:\Users\hp\OneDrive\Desktop\Automotive_Safety_Platform\backend\app\static
2026-05-25 17:05:44,492 - backend.app.main - INFO - Starting AutoSentinel AI Backend Platform...
2026-05-25 17:05:44,546 - backend.app.database.database - INFO - Database tables initialized successfully.
2026-05-25 17:05:44,555 - backend.app.database.database - INFO - Reading records from data/processed/ml_ready_vehicle_recalls.csv...
2026-05-25 17:05:44,935 - backend.app.database.database - INFO - Bulk inserting 5000 recalls into database...
2026-05-25 17:05:45,034 - backend.app.database.database - INFO - Bulk ingestion completed successfully.
2026-05-25 17:05:45,038 - backend.app.main - INFO - Initializing ML Model Core...
2026-05-25 17:05:45,038 - backend.app.core.model_loader - INFO - Loading ML artifacts from artifacts...
2026-05-25 17:05:45,240 - backend.app.core.model_loader - INFO - XGBoost model loaded successfully.
2026-05-25 17:05:45,256 - backend.app.core.model_loader - INFO - Label encoder loaded successfully.
2026-05-25 17:05:45,292 - backend.app.core.model_loader - INFO - TF-IDF Vectorizer loaded successfully.
2026-05-25 17:05:45,310 - backend.app.core.model_loader - INFO - Structured preprocessor loaded successfully.
2026-05-25 17:05:45,311 - backend.app.main - INFO - ML Models are fully armed and ready.
2026-05-25 17:05:45,311 - backend.app.main - INFO - Initializing Semantic Embedder Core...
2026-05-25 17:05:45,311 - backend.app.core.semantic_engine - INFO - Initializing SentenceTransformer encoder (all-MiniLM-L6-v2)...
2026-05-25 17:05:45,470 - sentence_transformers.base.model - INFO - No device provided, using cpu
2026-05-25 17:06:08,351 - sentence_transformers.base.model - INFO - Loading SentenceTransformer model from sentence-transformers/all-MiniLM-L6-v2.
2026-05-25 17:06:08,358 - huggingface_hub.utils._http - WARNING - '[Errno 11001] getaddrinfo failed' thrown while requesting HEAD https://huggingface.co/sentence-transformers/all-MiniLM-L6-v2/resolve/main/adapter_config.json
2026-05-25 17:06:08,358 - huggingface_hub.utils._http - WARNING - Retrying in 1s [Retry 1/5].
2026-05-25 17:06:09,359 - backend.app.core.semantic_engine - ERROR - Error loading Semantic Engine resources: Cannot send a request, as the client has been closed.
2026-05-25 17:06:09,360 - backend.app.main - WARNING - Semantic vector index could not be loaded. Precompute embeddings first.
2026-05-25 17:12:51,568 - backend.app.api.manufacturers - INFO - Computing manufacturer safety risk profiles...
2026-05-25 17:19:34,792 - backend.app.api.manufacturers - INFO - Computing manufacturer safety risk profiles...
2026-05-25 17:21:27,590 - backend.app.api.predict - INFO - Received recall prediction request for manufacturer: Tesla
2026-05-25 17:21:27,874 - src.nlp.summarizer - INFO - Loading HuggingFace BART-Large-CNN summarizer...
2026-05-25 17:21:28,675 - httpx - INFO - HTTP Request: HEAD https://huggingface.co/facebook/bart-large-cnn/resolve/main/config.json "HTTP/1.1 307 Temporary Redirect"
2026-05-25 17:21:28,749 - httpx - INFO - HTTP Request: HEAD https://huggingface.co/api/resolve-cache/models/facebook/bart-large-cnn/37f520fa929c961707657b28798b30c003dd100b/config.json "HTTP/1.1 200 OK"
2026-05-25 17:21:28,779 - src.nlp.summarizer - ERROR - Failed to load BART summarizer: "Unknown task summarization, available tasks are ['any-to-any', 'audio-classification', 'automatic-speech-recognition', 'depth-estimation', 'document-question-answering', 'feature-extraction', 'fill-mask', 'image-classification', 'image-feature-extraction', 'image-segmentation', 'image-text-to-text', 'keypoint-matching', 'mask-generation', 'ner', 'object-detection', 'sentiment-analysis', 'table-question-answering', 'text-classification', 'text-generation', 'text-to-audio', 'text-to-speech', 'token-classification', 'video-classification', 'zero-shot-audio-classification', 'zero-shot-classification', 'zero-shot-image-classification', 'zero-shot-object-detection']"
2026-05-25 17:30:32,686 - backend.app.api.manufacturers - INFO - Computing manufacturer safety risk profiles...
2026-05-25 17:31:41,118 - backend.app.api.predict - INFO - Received recall prediction request for manufacturer: Tesla
2026-05-25 17:31:41,236 - src.nlp.summarizer - INFO - Loading HuggingFace BART-Large-CNN summarizer...
2026-05-25 17:31:41,596 - httpx - INFO - HTTP Request: HEAD https://huggingface.co/facebook/bart-large-cnn/resolve/main/config.json "HTTP/1.1 307 Temporary Redirect"
2026-05-25 17:31:41,597 - huggingface_hub.utils._http - WARNING - Warning: You are sending unauthenticated requests to the HF Hub. Please set a HF_TOKEN to enable higher rate limits and faster downloads.
2026-05-25 17:31:41,630 - httpx - INFO - HTTP Request: HEAD https://huggingface.co/api/resolve-cache/models/facebook/bart-large-cnn/37f520fa929c961707657b28798b30c003dd100b/config.json "HTTP/1.1 200 OK"
2026-05-25 17:31:41,634 - src.nlp.summarizer - ERROR - Failed to load BART summarizer: "Unknown task summarization, available tasks are ['any-to-any', 'audio-classification', 'automatic-speech-recognition', 'depth-estimation', 'document-question-answering', 'feature-extraction', 'fill-mask', 'image-classification', 'image-feature-extraction', 'image-segmentation', 'image-text-to-text', 'keypoint-matching', 'mask-generation', 'ner', 'object-detection', 'sentiment-analysis', 'table-question-answering', 'text-classification', 'text-generation', 'text-to-audio', 'text-to-speech', 'token-classification', 'video-classification', 'zero-shot-audio-classification', 'zero-shot-classification', 'zero-shot-image-classification', 'zero-shot-object-detection']"
2026-05-25 17:34:37,363 - backend.app.api.predict - INFO - Received recall prediction request for manufacturer: Tesla
2026-05-25 17:34:37,499 - src.nlp.summarizer - INFO - Loading HuggingFace BART-Large-CNN summarizer...
2026-05-25 17:34:37,922 - httpx - INFO - HTTP Request: HEAD https://huggingface.co/facebook/bart-large-cnn/resolve/main/config.json "HTTP/1.1 307 Temporary Redirect"
2026-05-25 17:34:37,981 - httpx - INFO - HTTP Request: HEAD https://huggingface.co/api/resolve-cache/models/facebook/bart-large-cnn/37f520fa929c961707657b28798b30c003dd100b/config.json "HTTP/1.1 200 OK"
2026-05-25 17:34:37,985 - src.nlp.summarizer - ERROR - Failed to load BART summarizer: "Unknown task summarization, available tasks are ['any-to-any', 'audio-classification', 'automatic-speech-recognition', 'depth-estimation', 'document-question-answering', 'feature-extraction', 'fill-mask', 'image-classification', 'image-feature-extraction', 'image-segmentation', 'image-text-to-text', 'keypoint-matching', 'mask-generation', 'ner', 'object-detection', 'sentiment-analysis', 'table-question-answering', 'text-classification', 'text-generation', 'text-to-audio', 'text-to-speech', 'token-classification', 'video-classification', 'zero-shot-audio-classification', 'zero-shot-classification', 'zero-shot-image-classification', 'zero-shot-object-detection']"
2026-05-26 10:19:15,357 - __main__ - INFO - Static web client successfully mounted from C:\Users\hp\OneDrive\Desktop\Automotive_Safety_Platform\backend\app\static
2026-05-26 10:19:15,436 - backend.app.main - INFO - Static web client successfully mounted from C:\Users\hp\OneDrive\Desktop\Automotive_Safety_Platform\backend\app\static
2026-05-26 10:19:33,167 - __mp_main__ - INFO - Static web client successfully mounted from C:\Users\hp\OneDrive\Desktop\Automotive_Safety_Platform\backend\app\static
2026-05-26 10:19:33,266 - backend.app.main - INFO - Static web client successfully mounted from C:\Users\hp\OneDrive\Desktop\Automotive_Safety_Platform\backend\app\static
2026-05-26 10:19:33,268 - backend.app.main - INFO - Starting AutoSentinel AI Backend Platform...
2026-05-26 10:19:33,291 - backend.app.database.database - INFO - Database tables initialized successfully.
2026-05-26 10:19:33,303 - backend.app.database.database - INFO - Database already populated with 5000 recalls. Ingestion skipped.
2026-05-26 10:19:33,303 - backend.app.main - INFO - Initializing ML Model Core...
2026-05-26 10:19:33,303 - backend.app.core.model_loader - INFO - Loading ML artifacts from artifacts...
2026-05-26 10:19:33,892 - backend.app.core.model_loader - INFO - XGBoost model loaded successfully.
2026-05-26 10:19:33,930 - backend.app.core.model_loader - INFO - Label encoder loaded successfully.
2026-05-26 10:19:34,008 - backend.app.core.model_loader - INFO - TF-IDF Vectorizer loaded successfully.
2026-05-26 10:19:34,037 - backend.app.core.model_loader - INFO - Structured preprocessor loaded successfully.
2026-05-26 10:19:34,038 - backend.app.main - INFO - ML Models are fully armed and ready.
2026-05-26 10:19:34,038 - backend.app.main - INFO - Initializing Semantic Embedder Core...
2026-05-26 10:19:34,038 - backend.app.core.semantic_engine - INFO - Initializing SentenceTransformer encoder (all-MiniLM-L6-v2)...
2026-05-26 10:19:34,501 - sentence_transformers.base.model - INFO - No device provided, using cpu
2026-05-26 10:19:35,702 - httpx - INFO - HTTP Request: HEAD https://huggingface.co/sentence-transformers/all-MiniLM-L6-v2/resolve/main/modules.json "HTTP/1.1 307 Temporary Redirect"
2026-05-26 10:19:35,703 - huggingface_hub.utils._http - WARNING - Warning: You are sending unauthenticated requests to the HF Hub. Please set a HF_TOKEN to enable higher rate limits and faster downloads.
2026-05-26 10:19:35,721 - httpx - INFO - HTTP Request: HEAD https://huggingface.co/api/resolve-cache/models/sentence-transformers/all-MiniLM-L6-v2/c9745ed1d9f207416be6d2e6f8de32d1f16199bf/modules.json "HTTP/1.1 200 OK"
2026-05-26 10:19:36,008 - httpx - INFO - HTTP Request: HEAD https://huggingface.co/sentence-transformers/all-MiniLM-L6-v2/resolve/main/config_sentence_transformers.json "HTTP/1.1 307 Temporary Redirect"
2026-05-26 10:19:36,027 - httpx - INFO - HTTP Request: HEAD https://huggingface.co/api/resolve-cache/models/sentence-transformers/all-MiniLM-L6-v2/c9745ed1d9f207416be6d2e6f8de32d1f16199bf/config_sentence_transformers.json "HTTP/1.1 200 OK"
2026-05-26 10:19:36,052 - sentence_transformers.base.model - INFO - Loading SentenceTransformer model from sentence-transformers/all-MiniLM-L6-v2.
2026-05-26 10:19:36,301 - httpx - INFO - HTTP Request: HEAD https://huggingface.co/sentence-transformers/all-MiniLM-L6-v2/resolve/main/config_sentence_transformers.json "HTTP/1.1 307 Temporary Redirect"
2026-05-26 10:19:36,325 - httpx - INFO - HTTP Request: HEAD https://huggingface.co/api/resolve-cache/models/sentence-transformers/all-MiniLM-L6-v2/c9745ed1d9f207416be6d2e6f8de32d1f16199bf/config_sentence_transformers.json "HTTP/1.1 200 OK"
2026-05-26 10:19:36,628 - httpx - INFO - HTTP Request: HEAD https://huggingface.co/sentence-transformers/all-MiniLM-L6-v2/resolve/main/README.md "HTTP/1.1 307 Temporary Redirect"
2026-05-26 10:19:36,650 - httpx - INFO - HTTP Request: HEAD https://huggingface.co/api/resolve-cache/models/sentence-transformers/all-MiniLM-L6-v2/c9745ed1d9f207416be6d2e6f8de32d1f16199bf/README.md "HTTP/1.1 200 OK"
2026-05-26 10:19:37,034 - httpx - INFO - HTTP Request: HEAD https://huggingface.co/sentence-transformers/all-MiniLM-L6-v2/resolve/main/modules.json "HTTP/1.1 307 Temporary Redirect"
2026-05-26 10:19:37,053 - httpx - INFO - HTTP Request: HEAD https://huggingface.co/api/resolve-cache/models/sentence-transformers/all-MiniLM-L6-v2/c9745ed1d9f207416be6d2e6f8de32d1f16199bf/modules.json "HTTP/1.1 200 OK"
2026-05-26 10:19:37,342 - httpx - INFO - HTTP Request: HEAD https://huggingface.co/sentence-transformers/all-MiniLM-L6-v2/resolve/main/sentence_bert_config.json "HTTP/1.1 307 Temporary Redirect"
2026-05-26 10:19:37,360 - httpx - INFO - HTTP Request: HEAD https://huggingface.co/api/resolve-cache/models/sentence-transformers/all-MiniLM-L6-v2/c9745ed1d9f207416be6d2e6f8de32d1f16199bf/sentence_bert_config.json "HTTP/1.1 200 OK"
2026-05-26 10:19:37,750 - httpx - INFO - HTTP Request: HEAD https://huggingface.co/sentence-transformers/all-MiniLM-L6-v2/resolve/main/adapter_config.json "HTTP/1.1 404 Not Found"
2026-05-26 10:19:38,023 - httpx - INFO - HTTP Request: HEAD https://huggingface.co/sentence-transformers/all-MiniLM-L6-v2/resolve/main/config.json "HTTP/1.1 307 Temporary Redirect"
2026-05-26 10:19:38,042 - httpx - INFO - HTTP Request: HEAD https://huggingface.co/api/resolve-cache/models/sentence-transformers/all-MiniLM-L6-v2/c9745ed1d9f207416be6d2e6f8de32d1f16199bf/config.json "HTTP/1.1 200 OK"
2026-05-26 10:19:38,673 - httpx - INFO - HTTP Request: HEAD https://huggingface.co/sentence-transformers/all-MiniLM-L6-v2/resolve/main/processor_config.json "HTTP/1.1 404 Not Found"
2026-05-26 10:19:38,980 - httpx - INFO - HTTP Request: HEAD https://huggingface.co/sentence-transformers/all-MiniLM-L6-v2/resolve/main/preprocessor_config.json "HTTP/1.1 404 Not Found"
2026-05-26 10:19:39,287 - httpx - INFO - HTTP Request: HEAD https://huggingface.co/sentence-transformers/all-MiniLM-L6-v2/resolve/main/video_preprocessor_config.json "HTTP/1.1 404 Not Found"
2026-05-26 10:19:39,599 - httpx - INFO - HTTP Request: HEAD https://huggingface.co/sentence-transformers/all-MiniLM-L6-v2/resolve/main/preprocessor_config.json "HTTP/1.1 404 Not Found"
2026-05-26 10:19:39,878 - httpx - INFO - HTTP Request: HEAD https://huggingface.co/sentence-transformers/all-MiniLM-L6-v2/resolve/main/tokenizer_config.json "HTTP/1.1 307 Temporary Redirect"
2026-05-26 10:19:39,903 - httpx - INFO - HTTP Request: HEAD https://huggingface.co/api/resolve-cache/models/sentence-transformers/all-MiniLM-L6-v2/c9745ed1d9f207416be6d2e6f8de32d1f16199bf/tokenizer_config.json "HTTP/1.1 200 OK"
2026-05-26 10:19:40,167 - httpx - INFO - HTTP Request: HEAD https://huggingface.co/sentence-transformers/all-MiniLM-L6-v2/resolve/main/config.json "HTTP/1.1 307 Temporary Redirect"
2026-05-26 10:19:40,187 - httpx - INFO - HTTP Request: HEAD https://huggingface.co/api/resolve-cache/models/sentence-transformers/all-MiniLM-L6-v2/c9745ed1d9f207416be6d2e6f8de32d1f16199bf/config.json "HTTP/1.1 200 OK"
2026-05-26 10:19:40,515 - httpx - INFO - HTTP Request: HEAD https://huggingface.co/sentence-transformers/all-MiniLM-L6-v2/resolve/main/config.json "HTTP/1.1 307 Temporary Redirect"
2026-05-26 10:19:40,535 - httpx - INFO - HTTP Request: HEAD https://huggingface.co/api/resolve-cache/models/sentence-transformers/all-MiniLM-L6-v2/c9745ed1d9f207416be6d2e6f8de32d1f16199bf/config.json "HTTP/1.1 200 OK"
2026-05-26 10:19:40,792 - httpx - INFO - HTTP Request: HEAD https://huggingface.co/sentence-transformers/all-MiniLM-L6-v2/resolve/main/tokenizer_config.json "HTTP/1.1 307 Temporary Redirect"
2026-05-26 10:19:40,813 - httpx - INFO - HTTP Request: HEAD https://huggingface.co/api/resolve-cache/models/sentence-transformers/all-MiniLM-L6-v2/c9745ed1d9f207416be6d2e6f8de32d1f16199bf/tokenizer_config.json "HTTP/1.1 200 OK"
2026-05-26 10:19:41,129 - httpx - INFO - HTTP Request: GET https://huggingface.co/api/models/sentence-transformers/all-MiniLM-L6-v2/tree/main/additional_chat_templates?recursive=false&expand=false "HTTP/1.1 404 Not Found"
2026-05-26 10:19:41,445 - httpx - INFO - HTTP Request: GET https://huggingface.co/api/models/sentence-transformers/all-MiniLM-L6-v2/tree/main?recursive=true&expand=false "HTTP/1.1 200 OK"
2026-05-26 10:19:41,846 - httpx - INFO - HTTP Request: HEAD https://huggingface.co/sentence-transformers/all-MiniLM-L6-v2/resolve/main/1_Pooling/config.json "HTTP/1.1 307 Temporary Redirect"
2026-05-26 10:19:41,864 - httpx - INFO - HTTP Request: HEAD https://huggingface.co/api/resolve-cache/models/sentence-transformers/all-MiniLM-L6-v2/c9745ed1d9f207416be6d2e6f8de32d1f16199bf/1_Pooling%2Fconfig.json "HTTP/1.1 200 OK"
2026-05-26 10:19:42,264 - httpx - INFO - HTTP Request: GET https://huggingface.co/api/models/sentence-transformers/all-MiniLM-L6-v2 "HTTP/1.1 200 OK"
2026-05-26 10:19:42,281 - backend.app.core.semantic_engine - INFO - SentenceTransformer encoder loaded successfully.
2026-05-26 10:19:42,299 - backend.app.core.semantic_engine - INFO - Loaded semantic embeddings matrix of shape (5000, 384) successfully.
2026-05-26 10:19:42,299 - backend.app.main - INFO - Semantic Search vector engine is fully armed and ready.
2026-05-26 10:21:22,500 - __main__ - INFO - Static web client successfully mounted from C:\Users\hp\OneDrive\Desktop\Automotive_Safety_Platform\backend\app\static
2026-05-26 10:21:22,540 - backend.app.main - INFO - Static web client successfully mounted from C:\Users\hp\OneDrive\Desktop\Automotive_Safety_Platform\backend\app\static
2026-05-26 10:21:44,335 - __mp_main__ - INFO - Static web client successfully mounted from C:\Users\hp\OneDrive\Desktop\Automotive_Safety_Platform\backend\app\static
2026-05-26 10:21:44,434 - backend.app.main - INFO - Static web client successfully mounted from C:\Users\hp\OneDrive\Desktop\Automotive_Safety_Platform\backend\app\static
2026-05-26 10:21:44,436 - backend.app.main - INFO - Starting AutoSentinel AI Backend Platform...
2026-05-26 10:21:44,440 - backend.app.database.database - INFO - Database tables initialized successfully.
2026-05-26 10:21:44,453 - backend.app.database.database - INFO - Database already populated with 5000 recalls. Ingestion skipped.
2026-05-26 10:21:44,454 - backend.app.main - INFO - Initializing ML Model Core...
2026-05-26 10:21:44,454 - backend.app.core.model_loader - INFO - Loading ML artifacts from artifacts...
2026-05-26 10:21:44,840 - backend.app.core.model_loader - INFO - XGBoost model loaded successfully.
2026-05-26 10:21:44,841 - backend.app.core.model_loader - INFO - Label encoder loaded successfully.
2026-05-26 10:21:44,927 - backend.app.core.model_loader - INFO - TF-IDF Vectorizer loaded successfully.
2026-05-26 10:21:44,930 - backend.app.core.model_loader - INFO - Structured preprocessor loaded successfully.
2026-05-26 10:21:44,930 - backend.app.main - INFO - ML Models are fully armed and ready.
2026-05-26 10:21:44,931 - backend.app.main - INFO - Initializing Semantic Embedder Core...
2026-05-26 10:21:44,931 - backend.app.core.semantic_engine - INFO - Initializing SentenceTransformer encoder (all-MiniLM-L6-v2)...
2026-05-26 10:21:45,388 - sentence_transformers.base.model - INFO - No device provided, using cpu
2026-05-26 10:21:46,585 - httpx - INFO - HTTP Request: HEAD https://huggingface.co/sentence-transformers/all-MiniLM-L6-v2/resolve/main/modules.json "HTTP/1.1 307 Temporary Redirect"
2026-05-26 10:21:46,587 - huggingface_hub.utils._http - WARNING - Warning: You are sending unauthenticated requests to the HF Hub. Please set a HF_TOKEN to enable higher rate limits and faster downloads.
2026-05-26 10:21:46,608 - httpx - INFO - HTTP Request: HEAD https://huggingface.co/api/resolve-cache/models/sentence-transformers/all-MiniLM-L6-v2/c9745ed1d9f207416be6d2e6f8de32d1f16199bf/modules.json "HTTP/1.1 200 OK"
2026-05-26 10:21:46,983 - httpx - INFO - HTTP Request: HEAD https://huggingface.co/sentence-transformers/all-MiniLM-L6-v2/resolve/main/config_sentence_transformers.json "HTTP/1.1 307 Temporary Redirect"
2026-05-26 10:21:47,010 - httpx - INFO - HTTP Request: HEAD https://huggingface.co/api/resolve-cache/models/sentence-transformers/all-MiniLM-L6-v2/c9745ed1d9f207416be6d2e6f8de32d1f16199bf/config_sentence_transformers.json "HTTP/1.1 200 OK"
2026-05-26 10:21:47,015 - sentence_transformers.base.model - INFO - Loading SentenceTransformer model from sentence-transformers/all-MiniLM-L6-v2.
2026-05-26 10:21:47,269 - httpx - INFO - HTTP Request: HEAD https://huggingface.co/sentence-transformers/all-MiniLM-L6-v2/resolve/main/config_sentence_transformers.json "HTTP/1.1 307 Temporary Redirect"
2026-05-26 10:21:47,317 - httpx - INFO - HTTP Request: HEAD https://huggingface.co/api/resolve-cache/models/sentence-transformers/all-MiniLM-L6-v2/c9745ed1d9f207416be6d2e6f8de32d1f16199bf/config_sentence_transformers.json "HTTP/1.1 200 OK"
2026-05-26 10:21:47,680 - httpx - INFO - HTTP Request: HEAD https://huggingface.co/sentence-transformers/all-MiniLM-L6-v2/resolve/main/README.md "HTTP/1.1 307 Temporary Redirect"
2026-05-26 10:21:47,703 - httpx - INFO - HTTP Request: HEAD https://huggingface.co/api/resolve-cache/models/sentence-transformers/all-MiniLM-L6-v2/c9745ed1d9f207416be6d2e6f8de32d1f16199bf/README.md "HTTP/1.1 200 OK"
2026-05-26 10:21:48,004 - httpx - INFO - HTTP Request: HEAD https://huggingface.co/sentence-transformers/all-MiniLM-L6-v2/resolve/main/modules.json "HTTP/1.1 307 Temporary Redirect"
2026-05-26 10:21:48,025 - httpx - INFO - HTTP Request: HEAD https://huggingface.co/api/resolve-cache/models/sentence-transformers/all-MiniLM-L6-v2/c9745ed1d9f207416be6d2e6f8de32d1f16199bf/modules.json "HTTP/1.1 200 OK"
2026-05-26 10:21:48,317 - httpx - INFO - HTTP Request: HEAD https://huggingface.co/sentence-transformers/all-MiniLM-L6-v2/resolve/main/sentence_bert_config.json "HTTP/1.1 307 Temporary Redirect"
2026-05-26 10:21:48,349 - httpx - INFO - HTTP Request: HEAD https://huggingface.co/api/resolve-cache/models/sentence-transformers/all-MiniLM-L6-v2/c9745ed1d9f207416be6d2e6f8de32d1f16199bf/sentence_bert_config.json "HTTP/1.1 200 OK"
2026-05-26 10:21:48,626 - httpx - INFO - HTTP Request: HEAD https://huggingface.co/sentence-transformers/all-MiniLM-L6-v2/resolve/main/adapter_config.json "HTTP/1.1 404 Not Found"
2026-05-26 10:21:48,927 - httpx - INFO - HTTP Request: HEAD https://huggingface.co/sentence-transformers/all-MiniLM-L6-v2/resolve/main/config.json "HTTP/1.1 307 Temporary Redirect"
2026-05-26 10:21:48,954 - httpx - INFO - HTTP Request: HEAD https://huggingface.co/api/resolve-cache/models/sentence-transformers/all-MiniLM-L6-v2/c9745ed1d9f207416be6d2e6f8de32d1f16199bf/config.json "HTTP/1.1 200 OK"
2026-05-26 10:21:49,542 - httpx - INFO - HTTP Request: HEAD https://huggingface.co/sentence-transformers/all-MiniLM-L6-v2/resolve/main/processor_config.json "HTTP/1.1 404 Not Found"
2026-05-26 10:21:49,850 - httpx - INFO - HTTP Request: HEAD https://huggingface.co/sentence-transformers/all-MiniLM-L6-v2/resolve/main/preprocessor_config.json "HTTP/1.1 404 Not Found"
2026-05-26 10:21:50,155 - httpx - INFO - HTTP Request: HEAD https://huggingface.co/sentence-transformers/all-MiniLM-L6-v2/resolve/main/video_preprocessor_config.json "HTTP/1.1 404 Not Found"
2026-05-26 10:21:50,470 - httpx - INFO - HTTP Request: HEAD https://huggingface.co/sentence-transformers/all-MiniLM-L6-v2/resolve/main/preprocessor_config.json "HTTP/1.1 404 Not Found"
2026-05-26 10:21:50,732 - httpx - INFO - HTTP Request: HEAD https://huggingface.co/sentence-transformers/all-MiniLM-L6-v2/resolve/main/tokenizer_config.json "HTTP/1.1 307 Temporary Redirect"
2026-05-26 10:21:50,765 - httpx - INFO - HTTP Request: HEAD https://huggingface.co/api/resolve-cache/models/sentence-transformers/all-MiniLM-L6-v2/c9745ed1d9f207416be6d2e6f8de32d1f16199bf/tokenizer_config.json "HTTP/1.1 200 OK"
2026-05-26 10:21:51,078 - httpx - INFO - HTTP Request: HEAD https://huggingface.co/sentence-transformers/all-MiniLM-L6-v2/resolve/main/config.json "HTTP/1.1 307 Temporary Redirect"
2026-05-26 10:21:51,106 - httpx - INFO - HTTP Request: HEAD https://huggingface.co/api/resolve-cache/models/sentence-transformers/all-MiniLM-L6-v2/c9745ed1d9f207416be6d2e6f8de32d1f16199bf/config.json "HTTP/1.1 200 OK"
2026-05-26 10:21:51,389 - httpx - INFO - HTTP Request: HEAD https://huggingface.co/sentence-transformers/all-MiniLM-L6-v2/resolve/main/config.json "HTTP/1.1 307 Temporary Redirect"
2026-05-26 10:21:51,414 - httpx - INFO - HTTP Request: HEAD https://huggingface.co/api/resolve-cache/models/sentence-transformers/all-MiniLM-L6-v2/c9745ed1d9f207416be6d2e6f8de32d1f16199bf/config.json "HTTP/1.1 200 OK"
2026-05-26 10:21:51,674 - httpx - INFO - HTTP Request: HEAD https://huggingface.co/sentence-transformers/all-MiniLM-L6-v2/resolve/main/tokenizer_config.json "HTTP/1.1 307 Temporary Redirect"
2026-05-26 10:21:51,703 - httpx - INFO - HTTP Request: HEAD https://huggingface.co/api/resolve-cache/models/sentence-transformers/all-MiniLM-L6-v2/c9745ed1d9f207416be6d2e6f8de32d1f16199bf/tokenizer_config.json "HTTP/1.1 200 OK"
2026-05-26 10:21:51,967 - httpx - INFO - HTTP Request: GET https://huggingface.co/api/models/sentence-transformers/all-MiniLM-L6-v2/tree/main/additional_chat_templates?recursive=false&expand=false "HTTP/1.1 404 Not Found"
2026-05-26 10:21:52,280 - httpx - INFO - HTTP Request: GET https://huggingface.co/api/models/sentence-transformers/all-MiniLM-L6-v2/tree/main?recursive=true&expand=false "HTTP/1.1 200 OK"
2026-05-26 10:21:52,679 - httpx - INFO - HTTP Request: HEAD https://huggingface.co/sentence-transformers/all-MiniLM-L6-v2/resolve/main/1_Pooling/config.json "HTTP/1.1 307 Temporary Redirect"
2026-05-26 10:21:52,714 - httpx - INFO - HTTP Request: HEAD https://huggingface.co/api/resolve-cache/models/sentence-transformers/all-MiniLM-L6-v2/c9745ed1d9f207416be6d2e6f8de32d1f16199bf/1_Pooling%2Fconfig.json "HTTP/1.1 200 OK"
2026-05-26 10:21:53,043 - httpx - INFO - HTTP Request: GET https://huggingface.co/api/models/sentence-transformers/all-MiniLM-L6-v2 "HTTP/1.1 200 OK"
2026-05-26 10:21:53,051 - backend.app.core.semantic_engine - INFO - SentenceTransformer encoder loaded successfully.
2026-05-26 10:21:53,065 - backend.app.core.semantic_engine - INFO - Loaded semantic embeddings matrix of shape (5000, 384) successfully.
2026-05-26 10:21:53,065 - backend.app.main - INFO - Semantic Search vector engine is fully armed and ready.
2026-05-26 10:31:12,576 - __main__ - INFO - Static web client successfully mounted from C:\Users\hp\OneDrive\Desktop\Automotive_Safety_Platform\backend\app\static
2026-05-26 10:31:12,649 - backend.app.main - INFO - Static web client successfully mounted from C:\Users\hp\OneDrive\Desktop\Automotive_Safety_Platform\backend\app\static
2026-05-26 10:31:28,437 - __mp_main__ - INFO - Static web client successfully mounted from C:\Users\hp\OneDrive\Desktop\Automotive_Safety_Platform\backend\app\static
2026-05-26 10:31:28,502 - backend.app.main - INFO - Static web client successfully mounted from C:\Users\hp\OneDrive\Desktop\Automotive_Safety_Platform\backend\app\static
2026-05-26 10:31:28,504 - backend.app.main - INFO - Starting AutoSentinel AI Backend Platform...
2026-05-26 10:31:28,506 - backend.app.database.database - INFO - Database tables initialized successfully.
2026-05-26 10:31:28,516 - backend.app.database.database - INFO - Database already populated with 5000 recalls. Ingestion skipped.
2026-05-26 10:31:28,516 - backend.app.main - INFO - Initializing ML Model Core...
2026-05-26 10:31:28,516 - backend.app.core.model_loader - INFO - Loading ML artifacts from artifacts...
2026-05-26 10:31:28,733 - backend.app.core.model_loader - INFO - XGBoost model loaded successfully.
2026-05-26 10:31:28,734 - backend.app.core.model_loader - INFO - Label encoder loaded successfully.
2026-05-26 10:31:28,791 - backend.app.core.model_loader - INFO - TF-IDF Vectorizer loaded successfully.
2026-05-26 10:31:28,795 - backend.app.core.model_loader - INFO - Structured preprocessor loaded successfully.
2026-05-26 10:31:28,795 - backend.app.main - INFO - ML Models are fully armed and ready.
2026-05-26 10:31:28,795 - backend.app.main - INFO - Initializing Semantic Embedder Core...
2026-05-26 10:31:28,796 - backend.app.core.semantic_engine - INFO - Initializing SentenceTransformer encoder (all-MiniLM-L6-v2)...
2026-05-26 10:31:29,099 - sentence_transformers.base.model - INFO - No device provided, using cpu
2026-05-26 10:31:29,942 - httpx - INFO - HTTP Request: HEAD https://huggingface.co/sentence-transformers/all-MiniLM-L6-v2/resolve/main/modules.json "HTTP/1.1 307 Temporary Redirect"
2026-05-26 10:31:29,995 - httpx - INFO - HTTP Request: HEAD https://huggingface.co/api/resolve-cache/models/sentence-transformers/all-MiniLM-L6-v2/c9745ed1d9f207416be6d2e6f8de32d1f16199bf/modules.json "HTTP/1.1 200 OK"
2026-05-26 10:31:30,602 - httpx - INFO - HTTP Request: HEAD https://huggingface.co/sentence-transformers/all-MiniLM-L6-v2/resolve/main/config_sentence_transformers.json "HTTP/1.1 307 Temporary Redirect"
2026-05-26 10:31:30,675 - httpx - INFO - HTTP Request: HEAD https://huggingface.co/api/resolve-cache/models/sentence-transformers/all-MiniLM-L6-v2/c9745ed1d9f207416be6d2e6f8de32d1f16199bf/config_sentence_transformers.json "HTTP/1.1 200 OK"
2026-05-26 10:31:30,677 - sentence_transformers.base.model - INFO - Loading SentenceTransformer model from sentence-transformers/all-MiniLM-L6-v2.
2026-05-26 10:31:30,985 - httpx - INFO - HTTP Request: HEAD https://huggingface.co/sentence-transformers/all-MiniLM-L6-v2/resolve/main/config_sentence_transformers.json "HTTP/1.1 307 Temporary Redirect"
2026-05-26 10:31:31,062 - httpx - INFO - HTTP Request: HEAD https://huggingface.co/api/resolve-cache/models/sentence-transformers/all-MiniLM-L6-v2/c9745ed1d9f207416be6d2e6f8de32d1f16199bf/config_sentence_transformers.json "HTTP/1.1 200 OK"
2026-05-26 10:31:31,381 - httpx - INFO - HTTP Request: HEAD https://huggingface.co/sentence-transformers/all-MiniLM-L6-v2/resolve/main/README.md "HTTP/1.1 307 Temporary Redirect"
2026-05-26 10:31:31,443 - httpx - INFO - HTTP Request: HEAD https://huggingface.co/api/resolve-cache/models/sentence-transformers/all-MiniLM-L6-v2/c9745ed1d9f207416be6d2e6f8de32d1f16199bf/README.md "HTTP/1.1 200 OK"
2026-05-26 10:31:31,934 - httpx - INFO - HTTP Request: HEAD https://huggingface.co/sentence-transformers/all-MiniLM-L6-v2/resolve/main/modules.json "HTTP/1.1 307 Temporary Redirect"
2026-05-26 10:31:31,935 - huggingface_hub.utils._http - WARNING - Warning: You are sending unauthenticated requests to the HF Hub. Please set a HF_TOKEN to enable higher rate limits and faster downloads.
2026-05-26 10:31:32,027 - httpx - INFO - HTTP Request: HEAD https://huggingface.co/api/resolve-cache/models/sentence-transformers/all-MiniLM-L6-v2/c9745ed1d9f207416be6d2e6f8de32d1f16199bf/modules.json "HTTP/1.1 200 OK"
2026-05-26 10:31:32,329 - httpx - INFO - HTTP Request: HEAD https://huggingface.co/sentence-transformers/all-MiniLM-L6-v2/resolve/main/sentence_bert_config.json "HTTP/1.1 307 Temporary Redirect"
2026-05-26 10:31:32,384 - httpx - INFO - HTTP Request: HEAD https://huggingface.co/api/resolve-cache/models/sentence-transformers/all-MiniLM-L6-v2/c9745ed1d9f207416be6d2e6f8de32d1f16199bf/sentence_bert_config.json "HTTP/1.1 200 OK"
2026-05-26 10:31:32,700 - httpx - INFO - HTTP Request: HEAD https://huggingface.co/sentence-transformers/all-MiniLM-L6-v2/resolve/main/adapter_config.json "HTTP/1.1 404 Not Found"
2026-05-26 10:31:33,040 - httpx - INFO - HTTP Request: HEAD https://huggingface.co/sentence-transformers/all-MiniLM-L6-v2/resolve/main/config.json "HTTP/1.1 307 Temporary Redirect"
2026-05-26 10:31:33,260 - httpx - INFO - HTTP Request: HEAD https://huggingface.co/api/resolve-cache/models/sentence-transformers/all-MiniLM-L6-v2/c9745ed1d9f207416be6d2e6f8de32d1f16199bf/config.json "HTTP/1.1 200 OK"
2026-05-26 10:31:33,755 - httpx - INFO - HTTP Request: HEAD https://huggingface.co/sentence-transformers/all-MiniLM-L6-v2/resolve/main/processor_config.json "HTTP/1.1 404 Not Found"
2026-05-26 10:31:34,061 - httpx - INFO - HTTP Request: HEAD https://huggingface.co/sentence-transformers/all-MiniLM-L6-v2/resolve/main/preprocessor_config.json "HTTP/1.1 404 Not Found"
2026-05-26 10:31:34,595 - httpx - INFO - HTTP Request: HEAD https://huggingface.co/sentence-transformers/all-MiniLM-L6-v2/resolve/main/video_preprocessor_config.json "HTTP/1.1 404 Not Found"
2026-05-26 10:31:35,211 - httpx - INFO - HTTP Request: HEAD https://huggingface.co/sentence-transformers/all-MiniLM-L6-v2/resolve/main/preprocessor_config.json "HTTP/1.1 404 Not Found"
2026-05-26 10:31:35,823 - httpx - INFO - HTTP Request: HEAD https://huggingface.co/sentence-transformers/all-MiniLM-L6-v2/resolve/main/tokenizer_config.json "HTTP/1.1 307 Temporary Redirect"
2026-05-26 10:31:35,917 - httpx - INFO - HTTP Request: HEAD https://huggingface.co/api/resolve-cache/models/sentence-transformers/all-MiniLM-L6-v2/c9745ed1d9f207416be6d2e6f8de32d1f16199bf/tokenizer_config.json "HTTP/1.1 200 OK"
2026-05-26 10:31:36,222 - httpx - INFO - HTTP Request: HEAD https://huggingface.co/sentence-transformers/all-MiniLM-L6-v2/resolve/main/config.json "HTTP/1.1 307 Temporary Redirect"
2026-05-26 10:31:36,592 - httpx - INFO - HTTP Request: HEAD https://huggingface.co/api/resolve-cache/models/sentence-transformers/all-MiniLM-L6-v2/c9745ed1d9f207416be6d2e6f8de32d1f16199bf/config.json "HTTP/1.1 200 OK"
2026-05-26 10:31:36,968 - httpx - INFO - HTTP Request: HEAD https://huggingface.co/sentence-transformers/all-MiniLM-L6-v2/resolve/main/config.json "HTTP/1.1 307 Temporary Redirect"
2026-05-26 10:31:37,072 - httpx - INFO - HTTP Request: HEAD https://huggingface.co/api/resolve-cache/models/sentence-transformers/all-MiniLM-L6-v2/c9745ed1d9f207416be6d2e6f8de32d1f16199bf/config.json "HTTP/1.1 200 OK"
2026-05-26 10:31:37,426 - httpx - INFO - HTTP Request: HEAD https://huggingface.co/sentence-transformers/all-MiniLM-L6-v2/resolve/main/tokenizer_config.json "HTTP/1.1 307 Temporary Redirect"
2026-05-26 10:31:37,503 - httpx - INFO - HTTP Request: HEAD https://huggingface.co/api/resolve-cache/models/sentence-transformers/all-MiniLM-L6-v2/c9745ed1d9f207416be6d2e6f8de32d1f16199bf/tokenizer_config.json "HTTP/1.1 200 OK"
2026-05-26 10:31:37,974 - httpx - INFO - HTTP Request: GET https://huggingface.co/api/models/sentence-transformers/all-MiniLM-L6-v2/tree/main/additional_chat_templates?recursive=false&expand=false "HTTP/1.1 404 Not Found"
2026-05-26 10:31:38,589 - httpx - INFO - HTTP Request: GET https://huggingface.co/api/models/sentence-transformers/all-MiniLM-L6-v2/tree/main?recursive=true&expand=false "HTTP/1.1 200 OK"
2026-05-26 10:31:39,068 - httpx - INFO - HTTP Request: HEAD https://huggingface.co/sentence-transformers/all-MiniLM-L6-v2/resolve/main/1_Pooling/config.json "HTTP/1.1 307 Temporary Redirect"
2026-05-26 10:31:39,111 - httpx - INFO - HTTP Request: HEAD https://huggingface.co/api/resolve-cache/models/sentence-transformers/all-MiniLM-L6-v2/c9745ed1d9f207416be6d2e6f8de32d1f16199bf/1_Pooling%2Fconfig.json "HTTP/1.1 200 OK"
2026-05-26 10:31:39,426 - httpx - INFO - HTTP Request: GET https://huggingface.co/api/models/sentence-transformers/all-MiniLM-L6-v2 "HTTP/1.1 200 OK"
2026-05-26 10:31:39,430 - backend.app.core.semantic_engine - INFO - SentenceTransformer encoder loaded successfully.
2026-05-26 10:31:39,434 - backend.app.core.semantic_engine - INFO - Loaded semantic embeddings matrix of shape (5000, 384) successfully.
2026-05-26 10:31:39,434 - backend.app.main - INFO - Semantic Search vector engine is fully armed and ready.
2026-05-26 10:32:29,709 - backend.app.api.manufacturers - INFO - Computing manufacturer safety risk profiles...
2026-05-26 10:33:56,499 - backend.app.api.predict - INFO - Received recall prediction request for manufacturer: Tesla
2026-05-26 10:33:57,671 - src.nlp.summarizer - INFO - Loading HuggingFace BART-Large-CNN summarizer...
2026-05-26 10:33:58,367 - httpx - INFO - HTTP Request: HEAD https://huggingface.co/facebook/bart-large-cnn/resolve/main/config.json "HTTP/1.1 307 Temporary Redirect"
2026-05-26 10:33:58,477 - httpx - INFO - HTTP Request: HEAD https://huggingface.co/api/resolve-cache/models/facebook/bart-large-cnn/37f520fa929c961707657b28798b30c003dd100b/config.json "HTTP/1.1 200 OK"
2026-05-26 10:33:58,619 - src.nlp.summarizer - ERROR - Failed to load BART summarizer: "Unknown task summarization, available tasks are ['any-to-any', 'audio-classification', 'automatic-speech-recognition', 'depth-estimation', 'document-question-answering', 'feature-extraction', 'fill-mask', 'image-classification', 'image-feature-extraction', 'image-segmentation', 'image-text-to-text', 'keypoint-matching', 'mask-generation', 'ner', 'object-detection', 'sentiment-analysis', 'table-question-answering', 'text-classification', 'text-generation', 'text-to-audio', 'text-to-speech', 'token-classification', 'video-classification', 'zero-shot-audio-classification', 'zero-shot-classification', 'zero-shot-image-classification', 'zero-shot-object-detection']"
2026-05-26 11:01:10,632 - __main__ - INFO - Static web client successfully mounted from C:\Users\hp\OneDrive\Desktop\Automotive_Safety_Platform\backend\app\static
2026-05-26 11:01:10,713 - backend.app.main - INFO - Static web client successfully mounted from C:\Users\hp\OneDrive\Desktop\Automotive_Safety_Platform\backend\app\static
2026-05-26 11:01:40,229 - __mp_main__ - INFO - Static web client successfully mounted from C:\Users\hp\OneDrive\Desktop\Automotive_Safety_Platform\backend\app\static
2026-05-26 11:01:40,366 - backend.app.main - INFO - Static web client successfully mounted from C:\Users\hp\OneDrive\Desktop\Automotive_Safety_Platform\backend\app\static
2026-05-26 11:01:40,371 - backend.app.main - INFO - Starting AutoSentinel AI Backend Platform...
2026-05-26 11:01:40,376 - backend.app.database.database - INFO - Database tables initialized successfully.
2026-05-26 11:01:40,395 - backend.app.database.database - INFO - Database already populated with 5000 recalls. Ingestion skipped.
2026-05-26 11:01:40,396 - backend.app.main - INFO - Initializing ML Model Core...
2026-05-26 11:01:40,396 - backend.app.core.model_loader - INFO - Loading ML artifacts from artifacts...
2026-05-26 11:01:40,826 - backend.app.core.model_loader - INFO - XGBoost model loaded successfully.
2026-05-26 11:01:40,828 - backend.app.core.model_loader - INFO - Label encoder loaded successfully.
2026-05-26 11:01:40,917 - backend.app.core.model_loader - INFO - TF-IDF Vectorizer loaded successfully.
2026-05-26 11:01:40,922 - backend.app.core.model_loader - INFO - Structured preprocessor loaded successfully.
2026-05-26 11:01:40,922 - backend.app.main - INFO - ML Models are fully armed and ready.
2026-05-26 11:01:40,923 - backend.app.main - INFO - Initializing Semantic Embedder Core...
2026-05-26 11:01:40,923 - backend.app.core.semantic_engine - INFO - Initializing SentenceTransformer encoder (all-MiniLM-L6-v2)...
2026-05-26 11:01:41,498 - sentence_transformers.base.model - INFO - No device provided, using cpu
2026-05-26 11:01:42,886 - httpx - INFO - HTTP Request: HEAD https://huggingface.co/sentence-transformers/all-MiniLM-L6-v2/resolve/main/modules.json "HTTP/1.1 307 Temporary Redirect"
2026-05-26 11:01:42,887 - huggingface_hub.utils._http - WARNING - Warning: You are sending unauthenticated requests to the HF Hub. Please set a HF_TOKEN to enable higher rate limits and faster downloads.
2026-05-26 11:01:43,008 - httpx - INFO - HTTP Request: HEAD https://huggingface.co/api/resolve-cache/models/sentence-transformers/all-MiniLM-L6-v2/c9745ed1d9f207416be6d2e6f8de32d1f16199bf/modules.json "HTTP/1.1 200 OK"
2026-05-26 11:01:43,400 - httpx - INFO - HTTP Request: HEAD https://huggingface.co/sentence-transformers/all-MiniLM-L6-v2/resolve/main/config_sentence_transformers.json "HTTP/1.1 307 Temporary Redirect"
2026-05-26 11:01:43,603 - httpx - INFO - HTTP Request: HEAD https://huggingface.co/api/resolve-cache/models/sentence-transformers/all-MiniLM-L6-v2/c9745ed1d9f207416be6d2e6f8de32d1f16199bf/config_sentence_transformers.json "HTTP/1.1 200 OK"
2026-05-26 11:01:43,607 - sentence_transformers.base.model - INFO - Loading SentenceTransformer model from sentence-transformers/all-MiniLM-L6-v2.
2026-05-26 11:01:44,220 - httpx - INFO - HTTP Request: HEAD https://huggingface.co/sentence-transformers/all-MiniLM-L6-v2/resolve/main/config_sentence_transformers.json "HTTP/1.1 307 Temporary Redirect"
2026-05-26 11:01:44,312 - httpx - INFO - HTTP Request: HEAD https://huggingface.co/api/resolve-cache/models/sentence-transformers/all-MiniLM-L6-v2/c9745ed1d9f207416be6d2e6f8de32d1f16199bf/config_sentence_transformers.json "HTTP/1.1 200 OK"
2026-05-26 11:01:45,037 - httpx - INFO - HTTP Request: HEAD https://huggingface.co/sentence-transformers/all-MiniLM-L6-v2/resolve/main/README.md "HTTP/1.1 307 Temporary Redirect"
2026-05-26 11:01:45,150 - httpx - INFO - HTTP Request: HEAD https://huggingface.co/api/resolve-cache/models/sentence-transformers/all-MiniLM-L6-v2/c9745ed1d9f207416be6d2e6f8de32d1f16199bf/README.md "HTTP/1.1 200 OK"
2026-05-26 11:01:45,651 - httpx - INFO - HTTP Request: HEAD https://huggingface.co/sentence-transformers/all-MiniLM-L6-v2/resolve/main/modules.json "HTTP/1.1 307 Temporary Redirect"
2026-05-26 11:01:45,754 - httpx - INFO - HTTP Request: HEAD https://huggingface.co/api/resolve-cache/models/sentence-transformers/all-MiniLM-L6-v2/c9745ed1d9f207416be6d2e6f8de32d1f16199bf/modules.json "HTTP/1.1 200 OK"
2026-05-26 11:01:46,172 - httpx - INFO - HTTP Request: HEAD https://huggingface.co/sentence-transformers/all-MiniLM-L6-v2/resolve/main/sentence_bert_config.json "HTTP/1.1 307 Temporary Redirect"
2026-05-26 11:01:46,626 - httpx - INFO - HTTP Request: HEAD https://huggingface.co/api/resolve-cache/models/sentence-transformers/all-MiniLM-L6-v2/c9745ed1d9f207416be6d2e6f8de32d1f16199bf/sentence_bert_config.json "HTTP/1.1 200 OK"
2026-05-26 11:01:47,597 - httpx - INFO - HTTP Request: HEAD https://huggingface.co/sentence-transformers/all-MiniLM-L6-v2/resolve/main/adapter_config.json "HTTP/1.1 404 Not Found"
2026-05-26 11:01:48,212 - httpx - INFO - HTTP Request: HEAD https://huggingface.co/sentence-transformers/all-MiniLM-L6-v2/resolve/main/config.json "HTTP/1.1 307 Temporary Redirect"
2026-05-26 11:01:48,310 - httpx - INFO - HTTP Request: HEAD https://huggingface.co/api/resolve-cache/models/sentence-transformers/all-MiniLM-L6-v2/c9745ed1d9f207416be6d2e6f8de32d1f16199bf/config.json "HTTP/1.1 200 OK"
2026-05-26 11:01:49,085 - httpx - INFO - HTTP Request: HEAD https://huggingface.co/sentence-transformers/all-MiniLM-L6-v2/resolve/main/processor_config.json "HTTP/1.1 404 Not Found"
2026-05-26 11:01:49,545 - httpx - INFO - HTTP Request: HEAD https://huggingface.co/sentence-transformers/all-MiniLM-L6-v2/resolve/main/preprocessor_config.json "HTTP/1.1 404 Not Found"
2026-05-26 11:01:50,053 - httpx - INFO - HTTP Request: HEAD https://huggingface.co/sentence-transformers/all-MiniLM-L6-v2/resolve/main/video_preprocessor_config.json "HTTP/1.1 404 Not Found"
2026-05-26 11:01:50,387 - httpx - INFO - HTTP Request: HEAD https://huggingface.co/sentence-transformers/all-MiniLM-L6-v2/resolve/main/preprocessor_config.json "HTTP/1.1 404 Not Found"
2026-05-26 11:01:52,726 - httpx - INFO - HTTP Request: HEAD https://huggingface.co/sentence-transformers/all-MiniLM-L6-v2/resolve/main/tokenizer_config.json "HTTP/1.1 307 Temporary Redirect"
2026-05-26 11:01:52,827 - httpx - INFO - HTTP Request: HEAD https://huggingface.co/api/resolve-cache/models/sentence-transformers/all-MiniLM-L6-v2/c9745ed1d9f207416be6d2e6f8de32d1f16199bf/tokenizer_config.json "HTTP/1.1 200 OK"
2026-05-26 11:01:53,327 - httpx - INFO - HTTP Request: HEAD https://huggingface.co/sentence-transformers/all-MiniLM-L6-v2/resolve/main/config.json "HTTP/1.1 307 Temporary Redirect"
2026-05-26 11:01:53,436 - httpx - INFO - HTTP Request: HEAD https://huggingface.co/api/resolve-cache/models/sentence-transformers/all-MiniLM-L6-v2/c9745ed1d9f207416be6d2e6f8de32d1f16199bf/config.json "HTTP/1.1 200 OK"
2026-05-26 11:01:53,788 - httpx - INFO - HTTP Request: HEAD https://huggingface.co/sentence-transformers/all-MiniLM-L6-v2/resolve/main/config.json "HTTP/1.1 307 Temporary Redirect"
2026-05-26 11:01:54,047 - httpx - INFO - HTTP Request: HEAD https://huggingface.co/api/resolve-cache/models/sentence-transformers/all-MiniLM-L6-v2/c9745ed1d9f207416be6d2e6f8de32d1f16199bf/config.json "HTTP/1.1 200 OK"
2026-05-26 11:01:54,395 - httpx - INFO - HTTP Request: HEAD https://huggingface.co/sentence-transformers/all-MiniLM-L6-v2/resolve/main/tokenizer_config.json "HTTP/1.1 307 Temporary Redirect"
2026-05-26 11:01:54,559 - httpx - INFO - HTTP Request: HEAD https://huggingface.co/api/resolve-cache/models/sentence-transformers/all-MiniLM-L6-v2/c9745ed1d9f207416be6d2e6f8de32d1f16199bf/tokenizer_config.json "HTTP/1.1 200 OK"
2026-05-26 11:01:55,211 - httpx - INFO - HTTP Request: GET https://huggingface.co/api/models/sentence-transformers/all-MiniLM-L6-v2/tree/main/additional_chat_templates?recursive=false&expand=false "HTTP/1.1 404 Not Found"
2026-05-26 11:01:56,099 - httpx - INFO - HTTP Request: GET https://huggingface.co/api/models/sentence-transformers/all-MiniLM-L6-v2/tree/main?recursive=true&expand=false "HTTP/1.1 200 OK"
2026-05-26 11:01:57,068 - httpx - INFO - HTTP Request: HEAD https://huggingface.co/sentence-transformers/all-MiniLM-L6-v2/resolve/main/1_Pooling/config.json "HTTP/1.1 307 Temporary Redirect"
2026-05-26 11:01:57,747 - httpx - INFO - HTTP Request: HEAD https://huggingface.co/api/resolve-cache/models/sentence-transformers/all-MiniLM-L6-v2/c9745ed1d9f207416be6d2e6f8de32d1f16199bf/1_Pooling%2Fconfig.json "HTTP/1.1 200 OK"
2026-05-26 11:01:58,203 - httpx - INFO - HTTP Request: GET https://huggingface.co/api/models/sentence-transformers/all-MiniLM-L6-v2 "HTTP/1.1 200 OK"
2026-05-26 11:01:58,208 - backend.app.core.semantic_engine - INFO - SentenceTransformer encoder loaded successfully.
2026-05-26 11:01:58,217 - backend.app.core.semantic_engine - INFO - Loaded semantic embeddings matrix of shape (5000, 384) successfully.
2026-05-26 11:01:58,217 - backend.app.main - INFO - Semantic Search vector engine is fully armed and ready.
2026-05-26 11:02:15,111 - backend.app.api.manufacturers - INFO - Computing manufacturer safety risk profiles...
2026-05-26 11:02:23,521 - backend.app.api.predict - INFO - Received recall prediction request for manufacturer: Tesla
2026-05-26 11:02:26,383 - src.nlp.summarizer - INFO - Loading HuggingFace BART-Large-CNN summarizer...
2026-05-26 11:02:26,912 - httpx - INFO - HTTP Request: HEAD https://huggingface.co/facebook/bart-large-cnn/resolve/main/config.json "HTTP/1.1 307 Temporary Redirect"
2026-05-26 11:02:27,007 - httpx - INFO - HTTP Request: HEAD https://huggingface.co/api/resolve-cache/models/facebook/bart-large-cnn/37f520fa929c961707657b28798b30c003dd100b/config.json "HTTP/1.1 200 OK"
2026-05-26 11:02:27,193 - src.nlp.summarizer - ERROR - Failed to load BART summarizer: "Unknown task summarization, available tasks are ['any-to-any', 'audio-classification', 'automatic-speech-recognition', 'depth-estimation', 'document-question-answering', 'feature-extraction', 'fill-mask', 'image-classification', 'image-feature-extraction', 'image-segmentation', 'image-text-to-text', 'keypoint-matching', 'mask-generation', 'ner', 'object-detection', 'sentiment-analysis', 'table-question-answering', 'text-classification', 'text-generation', 'text-to-audio', 'text-to-speech', 'token-classification', 'video-classification', 'zero-shot-audio-classification', 'zero-shot-classification', 'zero-shot-image-classification', 'zero-shot-object-detection']"
2026-05-26 11:08:09,399 - __main__ - INFO - Static web client successfully mounted from C:\Users\hp\OneDrive\Desktop\Automotive_Safety_Platform\backend\app\static
2026-05-26 11:08:09,460 - backend.app.main - INFO - Static web client successfully mounted from C:\Users\hp\OneDrive\Desktop\Automotive_Safety_Platform\backend\app\static
2026-05-26 11:11:21,624 - __mp_main__ - INFO - Static web client successfully mounted from C:\Users\hp\OneDrive\Desktop\Automotive_Safety_Platform\backend\app\static
2026-05-26 11:11:21,717 - backend.app.main - INFO - Static web client successfully mounted from C:\Users\hp\OneDrive\Desktop\Automotive_Safety_Platform\backend\app\static
2026-05-26 11:11:21,719 - backend.app.main - INFO - Starting AutoSentinel AI Backend Platform...
2026-05-26 11:11:21,723 - backend.app.database.database - INFO - Database tables initialized successfully.
2026-05-26 11:11:21,738 - backend.app.database.database - INFO - Database already populated with 5000 recalls. Ingestion skipped.
2026-05-26 11:11:21,739 - backend.app.main - INFO - Initializing ML Model Core...
2026-05-26 11:11:21,739 - backend.app.core.model_loader - INFO - Loading ML artifacts from artifacts...
2026-05-26 11:11:22,050 - backend.app.core.model_loader - INFO - XGBoost model loaded successfully.
2026-05-26 11:11:22,051 - backend.app.core.model_loader - INFO - Label encoder loaded successfully.
2026-05-26 11:11:22,127 - backend.app.core.model_loader - INFO - TF-IDF Vectorizer loaded successfully.
2026-05-26 11:11:22,131 - backend.app.core.model_loader - INFO - Structured preprocessor loaded successfully.
2026-05-26 11:11:22,131 - backend.app.main - INFO - ML Models are fully armed and ready.
2026-05-26 11:11:22,131 - backend.app.main - INFO - Initializing Semantic Embedder Core...
2026-05-26 11:11:22,132 - backend.app.core.semantic_engine - INFO - Initializing SentenceTransformer encoder (all-MiniLM-L6-v2)...
2026-05-26 11:11:22,579 - sentence_transformers.base.model - INFO - No device provided, using cpu
2026-05-26 11:11:24,725 - httpx - INFO - HTTP Request: HEAD https://huggingface.co/sentence-transformers/all-MiniLM-L6-v2/resolve/main/modules.json "HTTP/1.1 307 Temporary Redirect"
2026-05-26 11:11:24,726 - huggingface_hub.utils._http - WARNING - Warning: You are sending unauthenticated requests to the HF Hub. Please set a HF_TOKEN to enable higher rate limits and faster downloads.
2026-05-26 11:11:24,794 - httpx - INFO - HTTP Request: HEAD https://huggingface.co/api/resolve-cache/models/sentence-transformers/all-MiniLM-L6-v2/c9745ed1d9f207416be6d2e6f8de32d1f16199bf/modules.json "HTTP/1.1 200 OK"
2026-05-26 11:11:25,238 - httpx - INFO - HTTP Request: HEAD https://huggingface.co/sentence-transformers/all-MiniLM-L6-v2/resolve/main/config_sentence_transformers.json "HTTP/1.1 307 Temporary Redirect"
2026-05-26 11:11:25,313 - httpx - INFO - HTTP Request: HEAD https://huggingface.co/api/resolve-cache/models/sentence-transformers/all-MiniLM-L6-v2/c9745ed1d9f207416be6d2e6f8de32d1f16199bf/config_sentence_transformers.json "HTTP/1.1 200 OK"
2026-05-26 11:11:25,319 - sentence_transformers.base.model - INFO - Loading SentenceTransformer model from sentence-transformers/all-MiniLM-L6-v2.
2026-05-26 11:11:25,851 - httpx - INFO - HTTP Request: HEAD https://huggingface.co/sentence-transformers/all-MiniLM-L6-v2/resolve/main/config_sentence_transformers.json "HTTP/1.1 307 Temporary Redirect"
2026-05-26 11:11:26,056 - httpx - INFO - HTTP Request: HEAD https://huggingface.co/api/resolve-cache/models/sentence-transformers/all-MiniLM-L6-v2/c9745ed1d9f207416be6d2e6f8de32d1f16199bf/config_sentence_transformers.json "HTTP/1.1 200 OK"
2026-05-26 11:11:26,465 - httpx - INFO - HTTP Request: HEAD https://huggingface.co/sentence-transformers/all-MiniLM-L6-v2/resolve/main/README.md "HTTP/1.1 307 Temporary Redirect"
2026-05-26 11:11:26,523 - httpx - INFO - HTTP Request: HEAD https://huggingface.co/api/resolve-cache/models/sentence-transformers/all-MiniLM-L6-v2/c9745ed1d9f207416be6d2e6f8de32d1f16199bf/README.md "HTTP/1.1 200 OK"
2026-05-26 11:11:27,183 - httpx - INFO - HTTP Request: HEAD https://huggingface.co/sentence-transformers/all-MiniLM-L6-v2/resolve/main/modules.json "HTTP/1.1 307 Temporary Redirect"
2026-05-26 11:11:27,249 - httpx - INFO - HTTP Request: HEAD https://huggingface.co/api/resolve-cache/models/sentence-transformers/all-MiniLM-L6-v2/c9745ed1d9f207416be6d2e6f8de32d1f16199bf/modules.json "HTTP/1.1 200 OK"
2026-05-26 11:11:27,712 - httpx - INFO - HTTP Request: HEAD https://huggingface.co/sentence-transformers/all-MiniLM-L6-v2/resolve/main/sentence_bert_config.json "HTTP/1.1 307 Temporary Redirect"
2026-05-26 11:11:29,248 - httpx - INFO - HTTP Request: HEAD https://huggingface.co/api/resolve-cache/models/sentence-transformers/all-MiniLM-L6-v2/c9745ed1d9f207416be6d2e6f8de32d1f16199bf/sentence_bert_config.json "HTTP/1.1 200 OK"
2026-05-26 11:11:29,640 - httpx - INFO - HTTP Request: HEAD https://huggingface.co/sentence-transformers/all-MiniLM-L6-v2/resolve/main/adapter_config.json "HTTP/1.1 404 Not Found"
2026-05-26 11:11:30,005 - httpx - INFO - HTTP Request: HEAD https://huggingface.co/sentence-transformers/all-MiniLM-L6-v2/resolve/main/config.json "HTTP/1.1 307 Temporary Redirect"
2026-05-26 11:11:31,443 - httpx - INFO - HTTP Request: HEAD https://huggingface.co/api/resolve-cache/models/sentence-transformers/all-MiniLM-L6-v2/c9745ed1d9f207416be6d2e6f8de32d1f16199bf/config.json "HTTP/1.1 200 OK"
2026-05-26 11:11:33,070 - httpx - INFO - HTTP Request: HEAD https://huggingface.co/sentence-transformers/all-MiniLM-L6-v2/resolve/main/processor_config.json "HTTP/1.1 404 Not Found"
2026-05-26 11:11:33,391 - httpx - INFO - HTTP Request: HEAD https://huggingface.co/sentence-transformers/all-MiniLM-L6-v2/resolve/main/preprocessor_config.json "HTTP/1.1 404 Not Found"
2026-05-26 11:11:33,711 - httpx - INFO - HTTP Request: HEAD https://huggingface.co/sentence-transformers/all-MiniLM-L6-v2/resolve/main/video_preprocessor_config.json "HTTP/1.1 404 Not Found"
2026-05-26 11:11:34,016 - httpx - INFO - HTTP Request: HEAD https://huggingface.co/sentence-transformers/all-MiniLM-L6-v2/resolve/main/preprocessor_config.json "HTTP/1.1 404 Not Found"
2026-05-26 11:11:34,315 - httpx - INFO - HTTP Request: HEAD https://huggingface.co/sentence-transformers/all-MiniLM-L6-v2/resolve/main/tokenizer_config.json "HTTP/1.1 307 Temporary Redirect"
2026-05-26 11:11:34,389 - httpx - INFO - HTTP Request: HEAD https://huggingface.co/api/resolve-cache/models/sentence-transformers/all-MiniLM-L6-v2/c9745ed1d9f207416be6d2e6f8de32d1f16199bf/tokenizer_config.json "HTTP/1.1 200 OK"
2026-05-26 11:11:34,751 - httpx - INFO - HTTP Request: HEAD https://huggingface.co/sentence-transformers/all-MiniLM-L6-v2/resolve/main/config.json "HTTP/1.1 307 Temporary Redirect"
2026-05-26 11:11:34,841 - httpx - INFO - HTTP Request: HEAD https://huggingface.co/api/resolve-cache/models/sentence-transformers/all-MiniLM-L6-v2/c9745ed1d9f207416be6d2e6f8de32d1f16199bf/config.json "HTTP/1.1 200 OK"
2026-05-26 11:11:35,152 - httpx - INFO - HTTP Request: HEAD https://huggingface.co/sentence-transformers/all-MiniLM-L6-v2/resolve/main/config.json "HTTP/1.1 307 Temporary Redirect"
2026-05-26 11:11:35,205 - httpx - INFO - HTTP Request: HEAD https://huggingface.co/api/resolve-cache/models/sentence-transformers/all-MiniLM-L6-v2/c9745ed1d9f207416be6d2e6f8de32d1f16199bf/config.json "HTTP/1.1 200 OK"
2026-05-26 11:11:35,579 - httpx - INFO - HTTP Request: HEAD https://huggingface.co/sentence-transformers/all-MiniLM-L6-v2/resolve/main/tokenizer_config.json "HTTP/1.1 307 Temporary Redirect"
2026-05-26 11:11:35,631 - httpx - INFO - HTTP Request: HEAD https://huggingface.co/api/resolve-cache/models/sentence-transformers/all-MiniLM-L6-v2/c9745ed1d9f207416be6d2e6f8de32d1f16199bf/tokenizer_config.json "HTTP/1.1 200 OK"
2026-05-26 11:11:36,072 - httpx - INFO - HTTP Request: GET https://huggingface.co/api/models/sentence-transformers/all-MiniLM-L6-v2/tree/main/additional_chat_templates?recursive=false&expand=false "HTTP/1.1 404 Not Found"
2026-05-26 11:11:36,392 - httpx - INFO - HTTP Request: GET https://huggingface.co/api/models/sentence-transformers/all-MiniLM-L6-v2/tree/main?recursive=true&expand=false "HTTP/1.1 200 OK"
2026-05-26 11:11:37,014 - httpx - INFO - HTTP Request: HEAD https://huggingface.co/sentence-transformers/all-MiniLM-L6-v2/resolve/main/1_Pooling/config.json "HTTP/1.1 307 Temporary Redirect"
2026-05-26 11:11:37,083 - httpx - INFO - HTTP Request: HEAD https://huggingface.co/api/resolve-cache/models/sentence-transformers/all-MiniLM-L6-v2/c9745ed1d9f207416be6d2e6f8de32d1f16199bf/1_Pooling%2Fconfig.json "HTTP/1.1 200 OK"
2026-05-26 11:11:37,391 - httpx - INFO - HTTP Request: GET https://huggingface.co/api/models/sentence-transformers/all-MiniLM-L6-v2 "HTTP/1.1 200 OK"
2026-05-26 11:11:37,411 - backend.app.core.semantic_engine - INFO - SentenceTransformer encoder loaded successfully.
2026-05-26 11:11:37,421 - backend.app.core.semantic_engine - INFO - Loaded semantic embeddings matrix of shape (5000, 384) successfully.
2026-05-26 11:11:37,421 - backend.app.main - INFO - Semantic Search vector engine is fully armed and ready.
2026-05-26 11:12:47,554 - backend.app.api.manufacturers - INFO - Computing manufacturer safety risk profiles...
2026-05-26 11:12:54,447 - backend.app.api.predict - INFO - Received recall prediction request for manufacturer: Tesla
2026-05-26 11:13:02,115 - src.nlp.summarizer - INFO - Loading HuggingFace BART-Large-CNN summarizer...
2026-05-26 11:13:02,848 - httpx - INFO - HTTP Request: HEAD https://huggingface.co/facebook/bart-large-cnn/resolve/main/config.json "HTTP/1.1 307 Temporary Redirect"
2026-05-26 11:13:03,010 - httpx - INFO - HTTP Request: HEAD https://huggingface.co/api/resolve-cache/models/facebook/bart-large-cnn/37f520fa929c961707657b28798b30c003dd100b/config.json "HTTP/1.1 200 OK"
2026-05-26 11:13:03,534 - src.nlp.summarizer - ERROR - Failed to load BART summarizer: "Unknown task summarization, available tasks are ['any-to-any', 'audio-classification', 'automatic-speech-recognition', 'depth-estimation', 'document-question-answering', 'feature-extraction', 'fill-mask', 'image-classification', 'image-feature-extraction', 'image-segmentation', 'image-text-to-text', 'keypoint-matching', 'mask-generation', 'ner', 'object-detection', 'sentiment-analysis', 'table-question-answering', 'text-classification', 'text-generation', 'text-to-audio', 'text-to-speech', 'token-classification', 'video-classification', 'zero-shot-audio-classification', 'zero-shot-classification', 'zero-shot-image-classification', 'zero-shot-object-detection']"
2026-05-26 11:14:25,041 - backend.app.api.predict - INFO - Received recall prediction request for manufacturer: Honda
2026-05-26 11:14:28,105 - src.nlp.summarizer - INFO - Loading HuggingFace BART-Large-CNN summarizer...
2026-05-26 11:14:29,049 - httpx - INFO - HTTP Request: HEAD https://huggingface.co/facebook/bart-large-cnn/resolve/main/config.json "HTTP/1.1 307 Temporary Redirect"
2026-05-26 11:14:29,127 - httpx - INFO - HTTP Request: HEAD https://huggingface.co/api/resolve-cache/models/facebook/bart-large-cnn/37f520fa929c961707657b28798b30c003dd100b/config.json "HTTP/1.1 200 OK"
2026-05-26 11:14:29,275 - src.nlp.summarizer - ERROR - Failed to load BART summarizer: "Unknown task summarization, available tasks are ['any-to-any', 'audio-classification', 'automatic-speech-recognition', 'depth-estimation', 'document-question-answering', 'feature-extraction', 'fill-mask', 'image-classification', 'image-feature-extraction', 'image-segmentation', 'image-text-to-text', 'keypoint-matching', 'mask-generation', 'ner', 'object-detection', 'sentiment-analysis', 'table-question-answering', 'text-classification', 'text-generation', 'text-to-audio', 'text-to-speech', 'token-classification', 'video-classification', 'zero-shot-audio-classification', 'zero-shot-classification', 'zero-shot-image-classification', 'zero-shot-object-detection']"
2026-05-26 11:14:44,272 - backend.app.api.predict - INFO - Received recall prediction request for manufacturer: Ford
2026-05-26 11:14:46,635 - src.nlp.summarizer - INFO - Loading HuggingFace BART-Large-CNN summarizer...
2026-05-26 11:14:47,482 - httpx - INFO - HTTP Request: HEAD https://huggingface.co/facebook/bart-large-cnn/resolve/main/config.json "HTTP/1.1 307 Temporary Redirect"
2026-05-26 11:14:47,563 - httpx - INFO - HTTP Request: HEAD https://huggingface.co/api/resolve-cache/models/facebook/bart-large-cnn/37f520fa929c961707657b28798b30c003dd100b/config.json "HTTP/1.1 200 OK"
2026-05-26 11:14:47,761 - src.nlp.summarizer - ERROR - Failed to load BART summarizer: "Unknown task summarization, available tasks are ['any-to-any', 'audio-classification', 'automatic-speech-recognition', 'depth-estimation', 'document-question-answering', 'feature-extraction', 'fill-mask', 'image-classification', 'image-feature-extraction', 'image-segmentation', 'image-text-to-text', 'keypoint-matching', 'mask-generation', 'ner', 'object-detection', 'sentiment-analysis', 'table-question-answering', 'text-classification', 'text-generation', 'text-to-audio', 'text-to-speech', 'token-classification', 'video-classification', 'zero-shot-audio-classification', 'zero-shot-classification', 'zero-shot-image-classification', 'zero-shot-object-detection']"
2026-05-26 11:15:47,867 - backend.app.api.predict - INFO - Received recall prediction request for manufacturer: Unknown
2026-05-26 11:15:50,551 - src.nlp.summarizer - INFO - Loading HuggingFace BART-Large-CNN summarizer...
2026-05-26 11:15:51,584 - httpx - INFO - HTTP Request: HEAD https://huggingface.co/facebook/bart-large-cnn/resolve/main/config.json "HTTP/1.1 307 Temporary Redirect"
2026-05-26 11:15:51,719 - httpx - INFO - HTTP Request: HEAD https://huggingface.co/api/resolve-cache/models/facebook/bart-large-cnn/37f520fa929c961707657b28798b30c003dd100b/config.json "HTTP/1.1 200 OK"
2026-05-26 11:15:51,935 - src.nlp.summarizer - ERROR - Failed to load BART summarizer: "Unknown task summarization, available tasks are ['any-to-any', 'audio-classification', 'automatic-speech-recognition', 'depth-estimation', 'document-question-answering', 'feature-extraction', 'fill-mask', 'image-classification', 'image-feature-extraction', 'image-segmentation', 'image-text-to-text', 'keypoint-matching', 'mask-generation', 'ner', 'object-detection', 'sentiment-analysis', 'table-question-answering', 'text-classification', 'text-generation', 'text-to-audio', 'text-to-speech', 'token-classification', 'video-classification', 'zero-shot-audio-classification', 'zero-shot-classification', 'zero-shot-image-classification', 'zero-shot-object-detection']"
2026-05-26 11:17:57,929 - backend.app.api.predict - INFO - Received recall prediction request for manufacturer: Toyota
2026-05-26 11:18:01,219 - src.nlp.summarizer - INFO - Loading HuggingFace BART-Large-CNN summarizer...
2026-05-26 11:18:03,065 - httpx - INFO - HTTP Request: HEAD https://huggingface.co/facebook/bart-large-cnn/resolve/main/config.json "HTTP/1.1 307 Temporary Redirect"
2026-05-26 11:18:03,131 - httpx - INFO - HTTP Request: HEAD https://huggingface.co/api/resolve-cache/models/facebook/bart-large-cnn/37f520fa929c961707657b28798b30c003dd100b/config.json "HTTP/1.1 200 OK"
2026-05-26 11:18:03,210 - src.nlp.summarizer - ERROR - Failed to load BART summarizer: "Unknown task summarization, available tasks are ['any-to-any', 'audio-classification', 'automatic-speech-recognition', 'depth-estimation', 'document-question-answering', 'feature-extraction', 'fill-mask', 'image-classification', 'image-feature-extraction', 'image-segmentation', 'image-text-to-text', 'keypoint-matching', 'mask-generation', 'ner', 'object-detection', 'sentiment-analysis', 'table-question-answering', 'text-classification', 'text-generation', 'text-to-audio', 'text-to-speech', 'token-classification', 'video-classification', 'zero-shot-audio-classification', 'zero-shot-classification', 'zero-shot-image-classification', 'zero-shot-object-detection']"
2026-05-26 11:19:01,800 - backend.app.api.search - INFO - Received semantic search request: 'brake pedal feels squishy and fluid is dripping near the wheels' (top_k=5)
2026-05-26 11:20:04,919 - backend.app.api.search - INFO - Received semantic search request: 'airbag inflator rupture sharp metal shrapnel' (top_k=5)
2026-05-26 11:24:01,827 - __main__ - INFO - Static web client successfully mounted from C:\Users\hp\OneDrive\Desktop\Automotive_Safety_Platform\backend\app\static
2026-05-26 11:24:01,970 - backend.app.main - INFO - Static web client successfully mounted from C:\Users\hp\OneDrive\Desktop\Automotive_Safety_Platform\backend\app\static
2026-05-26 11:24:47,977 - __mp_main__ - INFO - Static web client successfully mounted from C:\Users\hp\OneDrive\Desktop\Automotive_Safety_Platform\backend\app\static
2026-05-26 11:24:48,228 - backend.app.main - INFO - Static web client successfully mounted from C:\Users\hp\OneDrive\Desktop\Automotive_Safety_Platform\backend\app\static
2026-05-26 11:24:48,232 - backend.app.main - INFO - Starting AutoSentinel AI Backend Platform...
2026-05-26 11:24:48,237 - backend.app.database.database - INFO - Database tables initialized successfully.
2026-05-26 11:24:48,266 - backend.app.database.database - INFO - Database already populated with 5000 recalls. Ingestion skipped.
2026-05-26 11:24:48,267 - backend.app.main - INFO - Initializing ML Model Core...
2026-05-26 11:24:48,268 - backend.app.core.model_loader - INFO - Loading ML artifacts from artifacts...
2026-05-26 11:24:48,732 - backend.app.core.model_loader - INFO - XGBoost model loaded successfully.
2026-05-26 11:24:48,734 - backend.app.core.model_loader - INFO - Label encoder loaded successfully.
2026-05-26 11:24:48,860 - backend.app.core.model_loader - INFO - TF-IDF Vectorizer loaded successfully.
2026-05-26 11:24:48,865 - backend.app.core.model_loader - INFO - Structured preprocessor loaded successfully.
2026-05-26 11:24:48,865 - backend.app.main - INFO - ML Models are fully armed and ready.
2026-05-26 11:24:48,866 - backend.app.main - INFO - Initializing Semantic Embedder Core...
2026-05-26 11:24:48,867 - backend.app.core.semantic_engine - INFO - Initializing SentenceTransformer encoder (all-MiniLM-L6-v2)...
2026-05-26 11:24:50,094 - sentence_transformers.base.model - INFO - No device provided, using cpu
2026-05-26 11:24:51,949 - httpx - INFO - HTTP Request: HEAD https://huggingface.co/sentence-transformers/all-MiniLM-L6-v2/resolve/main/modules.json "HTTP/1.1 307 Temporary Redirect"
2026-05-26 11:24:51,951 - huggingface_hub.utils._http - WARNING - Warning: You are sending unauthenticated requests to the HF Hub. Please set a HF_TOKEN to enable higher rate limits and faster downloads.
2026-05-26 11:24:52,008 - httpx - INFO - HTTP Request: HEAD https://huggingface.co/api/resolve-cache/models/sentence-transformers/all-MiniLM-L6-v2/c9745ed1d9f207416be6d2e6f8de32d1f16199bf/modules.json "HTTP/1.1 200 OK"
2026-05-26 11:24:52,319 - httpx - INFO - HTTP Request: HEAD https://huggingface.co/sentence-transformers/all-MiniLM-L6-v2/resolve/main/config_sentence_transformers.json "HTTP/1.1 307 Temporary Redirect"
2026-05-26 11:24:52,394 - httpx - INFO - HTTP Request: HEAD https://huggingface.co/api/resolve-cache/models/sentence-transformers/all-MiniLM-L6-v2/c9745ed1d9f207416be6d2e6f8de32d1f16199bf/config_sentence_transformers.json "HTTP/1.1 200 OK"
2026-05-26 11:24:52,403 - sentence_transformers.base.model - INFO - Loading SentenceTransformer model from sentence-transformers/all-MiniLM-L6-v2.
2026-05-26 11:24:52,753 - httpx - INFO - HTTP Request: HEAD https://huggingface.co/sentence-transformers/all-MiniLM-L6-v2/resolve/main/config_sentence_transformers.json "HTTP/1.1 307 Temporary Redirect"
2026-05-26 11:24:52,838 - httpx - INFO - HTTP Request: HEAD https://huggingface.co/api/resolve-cache/models/sentence-transformers/all-MiniLM-L6-v2/c9745ed1d9f207416be6d2e6f8de32d1f16199bf/config_sentence_transformers.json "HTTP/1.1 200 OK"
2026-05-26 11:24:53,154 - httpx - INFO - HTTP Request: HEAD https://huggingface.co/sentence-transformers/all-MiniLM-L6-v2/resolve/main/README.md "HTTP/1.1 307 Temporary Redirect"
2026-05-26 11:24:53,211 - httpx - INFO - HTTP Request: HEAD https://huggingface.co/api/resolve-cache/models/sentence-transformers/all-MiniLM-L6-v2/c9745ed1d9f207416be6d2e6f8de32d1f16199bf/README.md "HTTP/1.1 200 OK"
2026-05-26 11:24:53,522 - httpx - INFO - HTTP Request: HEAD https://huggingface.co/sentence-transformers/all-MiniLM-L6-v2/resolve/main/modules.json "HTTP/1.1 307 Temporary Redirect"
2026-05-26 11:24:53,771 - httpx - INFO - HTTP Request: HEAD https://huggingface.co/api/resolve-cache/models/sentence-transformers/all-MiniLM-L6-v2/c9745ed1d9f207416be6d2e6f8de32d1f16199bf/modules.json "HTTP/1.1 200 OK"
2026-05-26 11:24:54,078 - httpx - INFO - HTTP Request: HEAD https://huggingface.co/sentence-transformers/all-MiniLM-L6-v2/resolve/main/sentence_bert_config.json "HTTP/1.1 307 Temporary Redirect"
2026-05-26 11:24:54,161 - httpx - INFO - HTTP Request: HEAD https://huggingface.co/api/resolve-cache/models/sentence-transformers/all-MiniLM-L6-v2/c9745ed1d9f207416be6d2e6f8de32d1f16199bf/sentence_bert_config.json "HTTP/1.1 200 OK"
2026-05-26 11:24:54,612 - httpx - INFO - HTTP Request: HEAD https://huggingface.co/sentence-transformers/all-MiniLM-L6-v2/resolve/main/adapter_config.json "HTTP/1.1 404 Not Found"
2026-05-26 11:24:54,932 - httpx - INFO - HTTP Request: HEAD https://huggingface.co/sentence-transformers/all-MiniLM-L6-v2/resolve/main/config.json "HTTP/1.1 307 Temporary Redirect"
2026-05-26 11:24:55,003 - httpx - INFO - HTTP Request: HEAD https://huggingface.co/api/resolve-cache/models/sentence-transformers/all-MiniLM-L6-v2/c9745ed1d9f207416be6d2e6f8de32d1f16199bf/config.json "HTTP/1.1 200 OK"
2026-05-26 11:24:55,839 - httpx - INFO - HTTP Request: HEAD https://huggingface.co/sentence-transformers/all-MiniLM-L6-v2/resolve/main/processor_config.json "HTTP/1.1 404 Not Found"
2026-05-26 11:24:56,160 - httpx - INFO - HTTP Request: HEAD https://huggingface.co/sentence-transformers/all-MiniLM-L6-v2/resolve/main/preprocessor_config.json "HTTP/1.1 404 Not Found"
2026-05-26 11:24:56,659 - httpx - INFO - HTTP Request: HEAD https://huggingface.co/sentence-transformers/all-MiniLM-L6-v2/resolve/main/video_preprocessor_config.json "HTTP/1.1 404 Not Found"
2026-05-26 11:24:56,968 - httpx - INFO - HTTP Request: HEAD https://huggingface.co/sentence-transformers/all-MiniLM-L6-v2/resolve/main/preprocessor_config.json "HTTP/1.1 404 Not Found"
2026-05-26 11:24:57,682 - httpx - INFO - HTTP Request: HEAD https://huggingface.co/sentence-transformers/all-MiniLM-L6-v2/resolve/main/tokenizer_config.json "HTTP/1.1 307 Temporary Redirect"
2026-05-26 11:24:57,752 - httpx - INFO - HTTP Request: HEAD https://huggingface.co/api/resolve-cache/models/sentence-transformers/all-MiniLM-L6-v2/c9745ed1d9f207416be6d2e6f8de32d1f16199bf/tokenizer_config.json "HTTP/1.1 200 OK"
2026-05-26 11:24:58,075 - httpx - INFO - HTTP Request: HEAD https://huggingface.co/sentence-transformers/all-MiniLM-L6-v2/resolve/main/config.json "HTTP/1.1 307 Temporary Redirect"
2026-05-26 11:24:58,129 - httpx - INFO - HTTP Request: HEAD https://huggingface.co/api/resolve-cache/models/sentence-transformers/all-MiniLM-L6-v2/c9745ed1d9f207416be6d2e6f8de32d1f16199bf/config.json "HTTP/1.1 200 OK"
2026-05-26 11:24:58,436 - httpx - INFO - HTTP Request: HEAD https://huggingface.co/sentence-transformers/all-MiniLM-L6-v2/resolve/main/config.json "HTTP/1.1 307 Temporary Redirect"
2026-05-26 11:24:58,603 - httpx - INFO - HTTP Request: HEAD https://huggingface.co/api/resolve-cache/models/sentence-transformers/all-MiniLM-L6-v2/c9745ed1d9f207416be6d2e6f8de32d1f16199bf/config.json "HTTP/1.1 200 OK"
2026-05-26 11:24:59,014 - httpx - INFO - HTTP Request: HEAD https://huggingface.co/sentence-transformers/all-MiniLM-L6-v2/resolve/main/tokenizer_config.json "HTTP/1.1 307 Temporary Redirect"
2026-05-26 11:24:59,090 - httpx - INFO - HTTP Request: HEAD https://huggingface.co/api/resolve-cache/models/sentence-transformers/all-MiniLM-L6-v2/c9745ed1d9f207416be6d2e6f8de32d1f16199bf/tokenizer_config.json "HTTP/1.1 200 OK"
2026-05-26 11:24:59,434 - httpx - INFO - HTTP Request: GET https://huggingface.co/api/models/sentence-transformers/all-MiniLM-L6-v2/tree/main/additional_chat_templates?recursive=false&expand=false "HTTP/1.1 404 Not Found"
2026-05-26 11:24:59,727 - httpx - INFO - HTTP Request: GET https://huggingface.co/api/models/sentence-transformers/all-MiniLM-L6-v2/tree/main?recursive=true&expand=false "HTTP/1.1 200 OK"
2026-05-26 11:25:00,148 - httpx - INFO - HTTP Request: HEAD https://huggingface.co/sentence-transformers/all-MiniLM-L6-v2/resolve/main/1_Pooling/config.json "HTTP/1.1 307 Temporary Redirect"
2026-05-26 11:25:00,212 - httpx - INFO - HTTP Request: HEAD https://huggingface.co/api/resolve-cache/models/sentence-transformers/all-MiniLM-L6-v2/c9745ed1d9f207416be6d2e6f8de32d1f16199bf/1_Pooling%2Fconfig.json "HTTP/1.1 200 OK"
2026-05-26 11:25:00,652 - httpx - INFO - HTTP Request: GET https://huggingface.co/api/models/sentence-transformers/all-MiniLM-L6-v2 "HTTP/1.1 200 OK"
2026-05-26 11:25:00,658 - backend.app.core.semantic_engine - INFO - SentenceTransformer encoder loaded successfully.
2026-05-26 11:25:00,666 - backend.app.core.semantic_engine - INFO - Loaded semantic embeddings matrix of shape (5000, 384) successfully.
2026-05-26 11:25:00,666 - backend.app.main - INFO - Semantic Search vector engine is fully armed and ready.
2026-05-26 11:28:46,832 - backend.app.api.manufacturers - INFO - Computing manufacturer safety risk profiles...
2026-05-26 12:19:29,196 - __main__ - INFO - Static web client successfully mounted from C:\Users\hp\OneDrive\Desktop\Automotive_Safety_Platform\backend\app\static
2026-05-26 12:19:29,261 - backend.app.main - INFO - Static web client successfully mounted from C:\Users\hp\OneDrive\Desktop\Automotive_Safety_Platform\backend\app\static
2026-05-26 12:19:38,752 - __mp_main__ - INFO - Static web client successfully mounted from C:\Users\hp\OneDrive\Desktop\Automotive_Safety_Platform\backend\app\static
2026-05-26 12:19:38,796 - backend.app.main - INFO - Static web client successfully mounted from C:\Users\hp\OneDrive\Desktop\Automotive_Safety_Platform\backend\app\static
2026-05-26 12:19:38,797 - backend.app.main - INFO - Starting AutoSentinel AI Backend Platform...
2026-05-26 12:19:38,802 - backend.app.database.database - INFO - Database tables initialized successfully.
2026-05-26 12:19:38,810 - backend.app.database.database - INFO - Database already populated with 5000 recalls. Ingestion skipped.
2026-05-26 12:19:38,810 - backend.app.main - INFO - Initializing ML Model Core...
2026-05-26 12:19:38,810 - backend.app.core.model_loader - INFO - Loading ML artifacts from artifacts...
2026-05-26 12:19:39,121 - backend.app.core.model_loader - INFO - XGBoost model loaded successfully.
2026-05-26 12:19:39,123 - backend.app.core.model_loader - INFO - Label encoder loaded successfully.
2026-05-26 12:19:39,162 - backend.app.core.model_loader - INFO - TF-IDF Vectorizer loaded successfully.
2026-05-26 12:19:39,171 - backend.app.core.model_loader - INFO - Structured preprocessor loaded successfully.
2026-05-26 12:19:39,171 - backend.app.main - INFO - ML Models are fully armed and ready.
2026-05-26 12:19:39,171 - backend.app.main - INFO - Initializing Semantic Embedder Core...
2026-05-26 12:19:39,172 - backend.app.core.semantic_engine - INFO - Initializing SentenceTransformer encoder (all-MiniLM-L6-v2)...
2026-05-26 12:19:39,361 - sentence_transformers.base.model - INFO - No device provided, using cpu
2026-05-26 12:19:42,124 - httpx - INFO - HTTP Request: HEAD https://huggingface.co/sentence-transformers/all-MiniLM-L6-v2/resolve/main/modules.json "HTTP/1.1 307 Temporary Redirect"
2026-05-26 12:19:42,367 - httpx - INFO - HTTP Request: HEAD https://huggingface.co/api/resolve-cache/models/sentence-transformers/all-MiniLM-L6-v2/c9745ed1d9f207416be6d2e6f8de32d1f16199bf/modules.json "HTTP/1.1 200 OK"
2026-05-26 12:19:42,704 - httpx - INFO - HTTP Request: HEAD https://huggingface.co/sentence-transformers/all-MiniLM-L6-v2/resolve/main/config_sentence_transformers.json "HTTP/1.1 307 Temporary Redirect"
2026-05-26 12:19:42,705 - huggingface_hub.utils._http - WARNING - Warning: You are sending unauthenticated requests to the HF Hub. Please set a HF_TOKEN to enable higher rate limits and faster downloads.
2026-05-26 12:19:42,778 - httpx - INFO - HTTP Request: HEAD https://huggingface.co/api/resolve-cache/models/sentence-transformers/all-MiniLM-L6-v2/c9745ed1d9f207416be6d2e6f8de32d1f16199bf/config_sentence_transformers.json "HTTP/1.1 200 OK"
2026-05-26 12:19:42,781 - sentence_transformers.base.model - INFO - Loading SentenceTransformer model from sentence-transformers/all-MiniLM-L6-v2.
2026-05-26 12:19:43,097 - httpx - INFO - HTTP Request: HEAD https://huggingface.co/sentence-transformers/all-MiniLM-L6-v2/resolve/main/config_sentence_transformers.json "HTTP/1.1 307 Temporary Redirect"
2026-05-26 12:19:43,170 - httpx - INFO - HTTP Request: HEAD https://huggingface.co/api/resolve-cache/models/sentence-transformers/all-MiniLM-L6-v2/c9745ed1d9f207416be6d2e6f8de32d1f16199bf/config_sentence_transformers.json "HTTP/1.1 200 OK"
2026-05-26 12:19:43,487 - httpx - INFO - HTTP Request: HEAD https://huggingface.co/sentence-transformers/all-MiniLM-L6-v2/resolve/main/README.md "HTTP/1.1 307 Temporary Redirect"
2026-05-26 12:19:43,548 - httpx - INFO - HTTP Request: HEAD https://huggingface.co/api/resolve-cache/models/sentence-transformers/all-MiniLM-L6-v2/c9745ed1d9f207416be6d2e6f8de32d1f16199bf/README.md "HTTP/1.1 200 OK"
2026-05-26 12:19:43,869 - httpx - INFO - HTTP Request: HEAD https://huggingface.co/sentence-transformers/all-MiniLM-L6-v2/resolve/main/modules.json "HTTP/1.1 307 Temporary Redirect"
2026-05-26 12:19:43,937 - httpx - INFO - HTTP Request: HEAD https://huggingface.co/api/resolve-cache/models/sentence-transformers/all-MiniLM-L6-v2/c9745ed1d9f207416be6d2e6f8de32d1f16199bf/modules.json "HTTP/1.1 200 OK"
2026-05-26 12:19:44,260 - httpx - INFO - HTTP Request: HEAD https://huggingface.co/sentence-transformers/all-MiniLM-L6-v2/resolve/main/sentence_bert_config.json "HTTP/1.1 307 Temporary Redirect"
2026-05-26 12:19:45,064 - httpx - INFO - HTTP Request: HEAD https://huggingface.co/api/resolve-cache/models/sentence-transformers/all-MiniLM-L6-v2/c9745ed1d9f207416be6d2e6f8de32d1f16199bf/sentence_bert_config.json "HTTP/1.1 200 OK"
2026-05-26 12:19:45,419 - httpx - INFO - HTTP Request: HEAD https://huggingface.co/sentence-transformers/all-MiniLM-L6-v2/resolve/main/adapter_config.json "HTTP/1.1 404 Not Found"
2026-05-26 12:19:45,723 - httpx - INFO - HTTP Request: HEAD https://huggingface.co/sentence-transformers/all-MiniLM-L6-v2/resolve/main/config.json "HTTP/1.1 307 Temporary Redirect"
2026-05-26 12:19:45,777 - httpx - INFO - HTTP Request: HEAD https://huggingface.co/api/resolve-cache/models/sentence-transformers/all-MiniLM-L6-v2/c9745ed1d9f207416be6d2e6f8de32d1f16199bf/config.json "HTTP/1.1 200 OK"
2026-05-26 12:19:46,256 - httpx - INFO - HTTP Request: HEAD https://huggingface.co/sentence-transformers/all-MiniLM-L6-v2/resolve/main/processor_config.json "HTTP/1.1 404 Not Found"
2026-05-26 12:19:46,578 - httpx - INFO - HTTP Request: HEAD https://huggingface.co/sentence-transformers/all-MiniLM-L6-v2/resolve/main/preprocessor_config.json "HTTP/1.1 404 Not Found"
2026-05-26 12:19:46,970 - httpx - INFO - HTTP Request: HEAD https://huggingface.co/sentence-transformers/all-MiniLM-L6-v2/resolve/main/video_preprocessor_config.json "HTTP/1.1 404 Not Found"
2026-05-26 12:19:47,290 - httpx - INFO - HTTP Request: HEAD https://huggingface.co/sentence-transformers/all-MiniLM-L6-v2/resolve/main/preprocessor_config.json "HTTP/1.1 404 Not Found"
2026-05-26 12:19:47,588 - httpx - INFO - HTTP Request: HEAD https://huggingface.co/sentence-transformers/all-MiniLM-L6-v2/resolve/main/tokenizer_config.json "HTTP/1.1 307 Temporary Redirect"
2026-05-26 12:19:47,923 - httpx - INFO - HTTP Request: HEAD https://huggingface.co/api/resolve-cache/models/sentence-transformers/all-MiniLM-L6-v2/c9745ed1d9f207416be6d2e6f8de32d1f16199bf/tokenizer_config.json "HTTP/1.1 200 OK"
2026-05-26 12:19:48,525 - httpx - INFO - HTTP Request: HEAD https://huggingface.co/sentence-transformers/all-MiniLM-L6-v2/resolve/main/config.json "HTTP/1.1 307 Temporary Redirect"
2026-05-26 12:19:48,674 - httpx - INFO - HTTP Request: HEAD https://huggingface.co/api/resolve-cache/models/sentence-transformers/all-MiniLM-L6-v2/c9745ed1d9f207416be6d2e6f8de32d1f16199bf/config.json "HTTP/1.1 200 OK"
2026-05-26 12:19:48,995 - httpx - INFO - HTTP Request: HEAD https://huggingface.co/sentence-transformers/all-MiniLM-L6-v2/resolve/main/config.json "HTTP/1.1 307 Temporary Redirect"
2026-05-26 12:19:49,048 - httpx - INFO - HTTP Request: HEAD https://huggingface.co/api/resolve-cache/models/sentence-transformers/all-MiniLM-L6-v2/c9745ed1d9f207416be6d2e6f8de32d1f16199bf/config.json "HTTP/1.1 200 OK"
2026-05-26 12:19:49,377 - httpx - INFO - HTTP Request: HEAD https://huggingface.co/sentence-transformers/all-MiniLM-L6-v2/resolve/main/tokenizer_config.json "HTTP/1.1 307 Temporary Redirect"
2026-05-26 12:19:49,445 - httpx - INFO - HTTP Request: HEAD https://huggingface.co/api/resolve-cache/models/sentence-transformers/all-MiniLM-L6-v2/c9745ed1d9f207416be6d2e6f8de32d1f16199bf/tokenizer_config.json "HTTP/1.1 200 OK"
2026-05-26 12:19:49,765 - httpx - INFO - HTTP Request: GET https://huggingface.co/api/models/sentence-transformers/all-MiniLM-L6-v2/tree/main/additional_chat_templates?recursive=false&expand=false "HTTP/1.1 404 Not Found"
2026-05-26 12:19:50,066 - httpx - INFO - HTTP Request: GET https://huggingface.co/api/models/sentence-transformers/all-MiniLM-L6-v2/tree/main?recursive=true&expand=false "HTTP/1.1 200 OK"
2026-05-26 12:19:50,491 - httpx - INFO - HTTP Request: HEAD https://huggingface.co/sentence-transformers/all-MiniLM-L6-v2/resolve/main/1_Pooling/config.json "HTTP/1.1 307 Temporary Redirect"
2026-05-26 12:19:50,564 - httpx - INFO - HTTP Request: HEAD https://huggingface.co/api/resolve-cache/models/sentence-transformers/all-MiniLM-L6-v2/c9745ed1d9f207416be6d2e6f8de32d1f16199bf/1_Pooling%2Fconfig.json "HTTP/1.1 200 OK"
2026-05-26 12:19:51,899 - httpx - INFO - HTTP Request: GET https://huggingface.co/api/models/sentence-transformers/all-MiniLM-L6-v2 "HTTP/1.1 200 OK"
2026-05-26 12:19:51,921 - backend.app.core.semantic_engine - INFO - SentenceTransformer encoder loaded successfully.
2026-05-26 12:19:51,941 - backend.app.core.semantic_engine - INFO - Loaded semantic embeddings matrix of shape (5000, 384) successfully.
2026-05-26 12:19:51,942 - backend.app.main - INFO - Semantic Search vector engine is fully armed and ready.
2026-05-26 12:27:26,010 - backend.app.api.predict - INFO - Received recall prediction request for manufacturer: Toyota
2026-05-26 12:27:27,042 - src.nlp.summarizer - INFO - Loading HuggingFace BART-Large-CNN summarizer...
2026-05-26 12:27:27,698 - httpx - INFO - HTTP Request: HEAD https://huggingface.co/facebook/bart-large-cnn/resolve/main/config.json "HTTP/1.1 307 Temporary Redirect"
2026-05-26 12:27:27,789 - httpx - INFO - HTTP Request: HEAD https://huggingface.co/api/resolve-cache/models/facebook/bart-large-cnn/37f520fa929c961707657b28798b30c003dd100b/config.json "HTTP/1.1 200 OK"
2026-05-26 12:27:27,890 - src.nlp.summarizer - ERROR - Failed to load BART summarizer: "Unknown task summarization, available tasks are ['any-to-any', 'audio-classification', 'automatic-speech-recognition', 'depth-estimation', 'document-question-answering', 'feature-extraction', 'fill-mask', 'image-classification', 'image-feature-extraction', 'image-segmentation', 'image-text-to-text', 'keypoint-matching', 'mask-generation', 'ner', 'object-detection', 'sentiment-analysis', 'table-question-answering', 'text-classification', 'text-generation', 'text-to-audio', 'text-to-speech', 'token-classification', 'video-classification', 'zero-shot-audio-classification', 'zero-shot-classification', 'zero-shot-image-classification', 'zero-shot-object-detection']"
2026-05-26 12:27:41,612 - backend.app.api.search - INFO - Received semantic search request: 'steering wheel locking up unexpectedly' (top_k=5)
2026-05-26 12:27:51,240 - backend.app.api.search - INFO - Received semantic search request: 'airbag inflator rupture sharp metal shrapnel' (top_k=5)
